;; CheckInTest.lst
;; GUIDELINES FOR WHICH SCRIPTS TO PLACE IN THIS FILE
;;
;; 1) Run-time: goal for entire CIT is 15-20 minutes.
;; 2) Robustness (shouldn’t be too flaky... scripts which 
;;    fail regularly due to script errors will be removed.)
;; 3) Should attempt to answer the question “does this submission 
;;    block testing/dev?”  This means that the script helps detect 
;;    submissions which disable an area which is so often used that 
;;	  a user of the product would encounter the problem within 15 
;;    minutes of straightforward usage.  Breaking this kind of feature 
;;    would be considered a blocking bug and would have to be backed 
;;    out in every case.
;;
;;    ....\intellicad\source\regress\scripts\
;;    Will be prepended to each file name in this
;;    file prior to processing. All files added
;;    to this file should be relative to it.
;;	  Lines beginning with ; will be ignored as
;;	  comments. This file MUST reside in;
;;	  ....\intellicad\source\regress\scripts\
;;
2-D.scr
2-D_entityEMF.scr
2-D_entityEMF95.scr
2-D_entityEMFNT.scr
2-D_entitySLD.scr
2-D_entitySLD95.scr
2-D_entitySLDNT.scr
2-D_entity_color_layer.scr
2dintersection_options.scr
3d.scr
3darray_c_options.scr
3darray_p_options.scr
3darray_r_options.scr
3dface_vba.scr
3dintersection_options.scr
3dmeshes2.scr
3dpoly_options.scr
3dpoly_vba.scr
3dspiral_3dspiral.scr
3dspiral_spiral.scr
3d_box_options.scr
3d_cone_options.scr
3d_cylinder_Options.scr
3d_dish_Options.scr
3d_dome_Options.scr
;; 3d_entities.scr Stops 'The concave pyramid base is not permitted'  
3d_mesh_options.scr
3d_pyramid_options.scr
3d_sphere_Options.scr
3d_torus_Options.scr
3d_wedge_options.scr
50537.scr
57674.scr
60619.scr
60681_1.scr
60914.scr
60918.scr
61474.scr
64188_Base.scr
64188_Cont.scr
6542.scr
68870.scr
70921.scr
70921_1.scr
72001.scr
73862.scr
75763.scr
75883.scr
76186.scr
76526.scr
77456.scr
77770_Aligned.scr
77770_Linear.scr
77770_Rotated.scr
77816.scr
77848.scr
77860.scr
77887.scr
77888.scr
;; 77892.scr Stops Lisp dump errors 
77907.scr
77943.scr
77947.scr
77972.scr
78005.scr
78010.scr
78034.scr
78036.scr
78037.scr
78047.scr
78057.scr
78069_78002.scr
78075.scr
78075_1.scr
78075_2.scr
78079.scr
78090.scr
78092.scr
78105.scr
78110.scr
78118.scr
78118a.scr
78119.scr
78120.scr
78120_test.scr
78130.scr
78135.scr
78136.scr
78140.SCR
78149.scr
78151.scr
78153.scr
;; 78155.scr Stops for selection. Seems to be a resolution thing. 
78165.scr
78165_1.scr
78165_2.scr
78165_3.scr
;; 78167.scr Stops 'Unable to recognize command' 
;; 78167_1.scr Stops for selection. Seems to be a resolution thing. Redundant???
78168_attdef.scr
78168_attedit.scr
78168_dimstyle.scr
78168_insert.scr
78168_layer.scr
78168_layout.scr
78168_minsert.scr
78168_mtext.scr
78168_rename.scr
78168_style.scr
78168_text.scr
78168_toolbars.scr
78168_ucs.scr
78168_view.scr
78168_xref.scr
78175.scr
78177.scr
78179.scr
78181.scr
78182.scr
78183.scr
78195.scr
78197.scr
78198.scr
78199_1.scr
78203.scr
78204.scr
78205.scr
78222.scr
78222_1.scr
78236.scr
78238.scr
78238_1.scr
78243.scr
78248.scr
78250.scr
78260_78273.scr
78260_78273_1.scr
78265.scr
78277.scr
78284.scr
78287.scr
78300_a.scr
;;78300_c.scr Redundant
;;78300_h.scr Redundant
;;78300_t.scr Redundant
78300_w.scr
78305.scr
78310_1.scr
78310_2.scr
78331.scr
78339.scr
78343.scr
78346a.scr
;;78346d.scr Redundant
;;78346h.scr Redundant
78376_1.scr
78377.scr
78393.scr
78393_T1fts011.scr
78395.scr
78410.scr
78411_defaultcommands.scr
78411_s.scr
78414.scr
78417.scr
;;78417_1.scr stops for 'Save changes' alert.
78418.scr
78419.scr
;;78419_1.scr Redundant
78419_leamitest.scr
78425.scr
78440_checkcond.scr
78440_icad.scr
78441_setq.scr
78441_v.scr
78442.scr
78442_1.scr
78444_misc.scr
;;78444_purge_all.scr	Stops for selection.
;;78444_xref_detach.scr	Stops for selection.
78476.scr
78476_entmake.scr
78476_vba.scr
78508.scr
78518_lisp.scr
78536.scr
78538.scr
78548.scr
78549.scr
78556.scr
78558.scr
78564.scr
78577.scr
78593_vba.scr
;;78600.scr	Displays a dialog box  (...regress\dwg\78600.dxf This file is read only. Continue? ) 
78604.scr
78619.scr
78620.scr
78648.scr
78651.scr
78686.scr
78700.scr
78708.scr
78720.scr
78724.scr
78727.scr
78727_1.scr
78730.scr
AccTest-cond.scr
AccTest-conv.scr
AccTest-function.scr
AccTest-geo.scr
AccTest-list.scr
AccTest-math.scr
AccTest-string.scr
AccTest-sym.scr
AccTest-symtbl2.scr
AccTest-util.scr
AI_3d_entities.SCR
ai_box_options.scr
ai_cone_options.scr
ai_cylinder_Options.scr
ai_dish_Options.scr
ai_dome_Options.scr
ai_pyramid_options.scr
align_options.scr
alloc.scr
angtos.scr
annoation.scr
aperture_options.scr
application_vba.scr
approved.scr
;; arc.scr Stops of selection appears to be a resolution thing. 
arcs.scr
arctex_at.scr
arc_vba.scr
Array.scr
array_r_options.scr
arryc2.scr
arryp2.scr
arr_pmove.scr
attdef_options.scr
attdisp.scr
attdisp_options.scr
attedit_options.scr
attext.scr
attext_options.scr
ATTRIButes1.SCR
aunitformats.scr
aunits.scr
B4.SCR
backz_vpoint.scr
base_options.scr
bhatch_options.scr
bhatch_options_2.scr
bhatch_rotate.scr
blipmode_options.scr
blockexp.scr
block_options.scr
;; bmpout_options.scr Stops for user input appears to be resolution related. 
boundary_options.scr
break_options.scr
bubble.scr
Cardiod.scr
celtscale.scr
center_snap_options.scr
Chair_rarray.scr
chamfer_options.scr
change_options.scr
checkdimvars1.scr
checkVars_intbool.scr
checkVars_real.scr
child_windows_options.scr
chprop_options.scr
Circles.scr
circlesEntity.scr
circle_tan.scr
cmdactive_1.scr
cmdactive_2.scr
cmdbar_options.scr
color_options.scr
CONCIRCLEADD.scr
CONCIRCLESUB.scr
Conference.scr
coordinate_options.scr
copy2d.scr
copyclip_options.scr
copyedata_options.scr
Copymove.scr
crossbreak.scr
cursorsize.scr
cutclip_options.scr
cutube.scr
cvport_options.scr
deledata_options.scr
dictadd.scr
dictnext.scr
dictremove.scr
dictrename.scr
dictsearch.scr
different_layer.scr
dim1_options.scr
;; dimclrd_extn.scr Stops for selection
;; dimclrt.scr Stops for selection
dimedit_oblique.scr
dimedit_rotate.scr
dimexe.scr
dimexo.scr
dimfit_vars_check.scr
dimrnd.scr
dimtad.scr
dimtedit.scr
dimtedit_RotatedDim.scr
dimtext.scr
dimtih_dimtoh1.scr
dimtim.scr
dimtol.scr
DimUpdateAll.scr
dimzin.scr
Dim_ArrowHeads.SCR
Dim_DIMFIT.SCR
dist_options.scr
divide_options.scr
dlength.scr
donutod.scr
donuts.scr
doughnuts.scr
dragmode_options.scr
dview_options.scr
dwgcodepage_options.scr
dxfin_options.scr
;;edgesurf_options.scr  Stops for ignore/OK alert
editlen_arc_options.scr
editlen_line_options.scr
editpline_options.scr
editpline_vertices_options.scr
elevation.scr
elev_options.scr
ellipse1.scr
ellipse_option.scr
ellipse_vpoint.scr
ellipticalarc.scr
endpoint_options.scr
entget_appdata.scr
Entities.scr
erase.scr
esnap_options.scr
exlode_non-uniform-circle.scr
export_options.scr
;;; extend_options.scr Stops on error.
ezoom_cir.scr
;;ezoom_ellipse.scr Redundant and time consuming.
;;ezoom_polygon.scr Redundant and time consuming.
;;ezoom_xline.scr Redundant and time consuming.
face_options.scr
Fillet.scr
fill_options.scr
flatten_lne_options.scr
frontz_backz.scr
getdist.scr
graphscr.scr
gridmode.scr
grid_options.scr
gripcolor.scr
group_options.scr
grTest1.scr
grTest2.scr
handles_options.scr
hidetext.scr
hpscale.scr
Hyper001.scr
Hyper002.scr
Hyper003.scr
Hyper004.scr
Hyper005.scr
hyperlink.scr
hyperlinkoptions.scr
idpoint_options.scr
infline_options.scr
Insertf.scr
insertion_options.scr
inters.scr
intersection_options.scr
isoplane_options.scr
join_options.scr
knuckle.scr
lastangle.scr
layercolor.scr
Layers.scr
layer_options.scr
layouts1.scr
layouts2.scr
layouts3.scr
LCREA.scr
leader_options.scr
lgrid.scr
limitoff.scr
limits_options.scr
Lines.scr
linetype_options.scr
lisp1.scr
lisp2.scr
list_options.scr
lsp_caaadddrrr.scr
lsp_eq.scr
lsp_exit.scr
lsp_getcorner.scr
lsp_getorient.scr
lsp_logical.scr
lsp_math.scr
lsp_nentsel.scr
lsp_nentselp.scr
lsp_prin1.scr
lsp_quit.scr
lsp_trace_untrace.scr
matchprop_lineweight.scr
matchprop_options.scr
maxsort.scr
measure_options.scr
menuload_options.scr
menuunload_options.scr
menu_options.scr
mesh_options.scr
midpoint_options.scr
minsert.scr
minsert_options.scr
MIRROR2D.SCR
mirror3d_options.scr
mirror_options.scr
Misc.scr
moveedata_options.scr
move_2d.scr
msnapshot_options.scr
mspace_options.scr
mtext_options.scr
multioffset.scr
nearest_options.scr
node_options.scr
none_options.scr
oops.scr
orthogonal_options.scr
osmode.scr
pan.scr
parallel_options.scr
pdmode.scr
pdsize.scr
perpendicular_options.scr
pface_options.scr
pickdrag.scr
pickstyle.scr
plane_options.scr
planviewint_options.scr
plan_options.scr
Pline.scr
plinedist.scr
PLINELengthen1.SCR
plinewid.scr
pline_trim.scr
plotc.scr
plote.scr
PlotManager.scr
pl_elp.scr
pmthist.scr
pmthist_options.scr
point_options.scr
polararray2d.scr
Polygon2.scr
POLYGONS1.SCR
polygon_options.scr
Polyline.scr
polysides.scr
pspace_options.scr
purge_options.scr
qtext_options.scr
quadrant_options.scr
quick_options.scr
ray_options.scr
readaccelerators_options.scr
recarray.scr
RecPgonDonTrace.scr
rectangle_options.scr
redefine_options.scr
redo_options.scr
regenauto_options.scr
rename_options.scr
reverse_polyline.scr
;;Revsurf.scr Stops for selection
rivet.scr
rotate2d.scr
rotate3d_options.scr
rotatecrosshair.scr
RotateMirror.scr
rotate_options.scr
Roughen.scr
roughen_2.scr
Roughen_err.scr
rtrot_1.scr
RULESURF1.SCR
rulesurf_maxent_options.scr
;;rulesurf_options.scr Stops for ignor alert.
scale_circle_options.scr
scale_line_options.scr
scr1.scr
scr2.scr
scr3.scr
scr4.scr
scr5.scr
scrollbar_options.scr
select_options.scr
selgrips_options.scr
selgrip_options.scr
setlayer_options.scr
setvar.scr
shapelister.scr
shape_options.scr
SineCos.scr
skpoly.scr
snapang.scr
snaptoggle.scr
snap_options.scr
;;solids.scr Stops for selection.
spcad.scr
sphere.scr
Spline.scr
statbar_options.scr
status_options.scr
stretch_dim_options.scr
stretch_line_options.scr
svstrt.scr
syswindows_options.scr
tablet_options.scr
tangent_options.scr
test_array.scr
;;test_array1.scr Redundant
;;test_array1_no.scr Redundant
;; textar.scr	TOO time consuming.
Textgrid.scr
text_options.scr
;;Theatre.scr redundant already run above under different name.
Thick_text.scr
time_options.scr
toolbars_command.scr
trace_options.scr
;;trim.scr Stops for selection
ucsicon_option.scr
ucsicon_options.scr
undelete_options.scr
undo_options.scr
units_aunits_auprec_options.scr
units_aunits_options.scr
units_lunits_options.scr
unnamedblock.scr
verify.scr
View.scr
viewdir_one.scr
viewpoint.scr
viewpoint_options.scr
viewports.scr
viewres_options.scr
view_options.scr
visible_options.scr
vmlout_options.scr
vplayer_options.scr
vports_options.scr
vsnapshot_options.scr
;;  Stops wanting user input. ( Insert point for new block: ) wblock_options.scr
wmfout_options.scr
xformssTest.scr
Xline_ray.scr
Xmastree.scr
xrecord.scr
xref_options.scr
zoom_options.scr
